<html>
<body>
<pre>
<h1>µVision Build Log</h1>
<h2>Project:</h2>
E:\Users\Pal\DEVICES\FAT_GIT\FATGIT.uvproj
Project File Date:  08/21/2015

<h2>Output:</h2>
Build target 'Target 1'
assembling startup_LPC17xx.s...
compiling main.c...
main.c(11): warning:  #1-D: last line of file ends without a newline
linking...
Program Size: Code=328 RO-data=440 RW-data=0 ZI-data=608  
"FATGIT.axf" - 0 Error(s), 1 Warning(s).
Build target 'Target 1'
assembling startup_LPC17xx.s...
compiling main.c...
main.c(11): warning:  #1-D: last line of file ends without a newline
linking...
Program Size: Code=328 RO-data=440 RW-data=0 ZI-data=608  
FromELF: creating hex file...
"FATGIT.axf" - 0 Error(s), 1 Warning(s).
Build target 'Target 1'
assembling startup_LPC17xx.s...
compiling main.c...
main.c(11): warning:  #1-D: last line of file ends without a newline
linking...
Program Size: Code=328 RO-data=440 RW-data=0 ZI-data=608  
FromELF: creating hex file...
".\EXE\FATGIT.axf" - 0 Error(s), 1 Warning(s).
Build target 'Target 1'
assembling startup_LPC17xx.s...
compiling main.c...
main.c(11): warning:  #1-D: last line of file ends without a newline
linking...
Program Size: Code=328 RO-data=440 RW-data=0 ZI-data=608  
FromELF: creating hex file...
".\EXE\FATGIT.axf" - 0 Error(s), 1 Warning(s).
Build target 'Target 1'
assembling startup_LPC17xx.s...
startup_LPC17xx.s: error: A1023E: File "startup_LPC17xx.s" could not be opened: No such file or directory
Target not created
Build target 'Target 1'
assembling startup_LPC17xx.s...
compiling main.c...
main.c(11): warning:  #1-D: last line of file ends without a newline
linking...
Program Size: Code=328 RO-data=440 RW-data=0 ZI-data=608  
FromELF: creating hex file...
".\EXE\FATGIT.axf" - 0 Error(s), 1 Warning(s).
Build target 'Target 1'
assembling startup_LPC17xx.s...
compiling main.c...
main.c(11): warning:  #1-D: last line of file ends without a newline
linking...
Program Size: Code=328 RO-data=440 RW-data=0 ZI-data=608  
FromELF: creating hex file...
".\EXE\FATGIT.axf" - 0 Error(s), 1 Warning(s).
Build target 'Target 1'
assembling startup_LPC17xx.s...
compiling main.c...
main.c(11): warning:  #1-D: last line of file ends without a newline
linking...
Program Size: Code=328 RO-data=440 RW-data=0 ZI-data=608  
FromELF: creating hex file...
".\EXE\FATGIT.axf" - 0 Error(s), 1 Warning(s).
Build target 'Target 1'
assembling startup_LPC17xx.s...
compiling main.c...
main.c(11): warning:  #1-D: last line of file ends without a newline
linking...
Program Size: Code=328 RO-data=440 RW-data=0 ZI-data=608  
FromELF: creating hex file...
".\EXE\FATGIT.axf" - 0 Error(s), 1 Warning(s).
Build target 'Target 1'
assembling startup_LPC17xx.s...
compiling main.c...
main.c(11): warning:  #1-D: last line of file ends without a newline
linking...
Program Size: Code=328 RO-data=440 RW-data=0 ZI-data=608  
FromELF: creating hex file...
".\EXE\FATGIT.axf" - 0 Error(s), 1 Warning(s).
Build target 'Target 1'
assembling startup_LPC17xx.s...
compiling main.c...
main.c(11): warning:  #1-D: last line of file ends without a newline
linking...
Program Size: Code=328 RO-data=440 RW-data=0 ZI-data=608  
FromELF: creating hex file...
".\EXE\FATGIT.axf" - 0 Error(s), 1 Warning(s).
Build target 'Target 1'
assembling startup_LPC17xx.s...
compiling main.c...
main.c(11): warning:  #1-D: last line of file ends without a newline
linking...
Program Size: Code=328 RO-data=440 RW-data=0 ZI-data=608  
FromELF: creating hex file...
".\EXE\FATGIT.axf" - 0 Error(s), 1 Warning(s).
Build target 'Target 1'
assembling startup_LPC17xx.s...
creating preprocessor file for main.c...
main.c(11): warning:  #1-D: last line of file ends without a newline
compiling main.c...
main.c(11): warning:  #1-D: last line of file ends without a newline
linking...
Program Size: Code=328 RO-data=440 RW-data=0 ZI-data=608  
FromELF: creating hex file...
".\EXE\FATGIT.axf" - 0 Error(s), 1 Warning(s).
Build target 'Target 1'
assembling startup_LPC17xx.s...
creating preprocessor file for main.c...
main.c(11): warning:  #1-D: last line of file ends without a newline
compiling main.c...
main.c(11): warning:  #1-D: last line of file ends without a newline
linking...
Program Size: Code=328 RO-data=440 RW-data=0 ZI-data=608  
FromELF: creating hex file...
".\EXE\FATGIT.axf" - 0 Error(s), 1 Warning(s).
Build target 'Target 1'
assembling startup_LPC17xx.s...
creating preprocessor file for main.c...
main.c(11): warning:  #1-D: last line of file ends without a newline
compiling main.c...
main.c(11): warning:  #1-D: last line of file ends without a newline
linking...
Program Size: Code=328 RO-data=440 RW-data=0 ZI-data=608  
FromELF: creating hex file...
".\EXE\FATGIT.axf" - 0 Error(s), 1 Warning(s).
Build target 'Target 1'
assembling startup_LPC17xx.s...
creating preprocessor file for main.c...
main.c(11): warning:  #1-D: last line of file ends without a newline
compiling main.c...
main.c(11): warning:  #1-D: last line of file ends without a newline
linking...
Program Size: Code=328 RO-data=440 RW-data=0 ZI-data=608  
FromELF: creating hex file...
".\EXE\FATGIT.axf" - 0 Error(s), 1 Warning(s).
